// Jest Snapshot v1, https://goo.gl/fbAQLP

exports[`<SingleItem /> should error with no item found 1`] = `
<p
  data-test="graphql-error"
>
  <strong>
    Shoot!
  </strong>
  Items Not Found
</p>
`;

exports[`<SingleItem /> should match snap 1`] = `
<h2>
  Viewing 
  dogs are best
</h2>
`;

exports[`<SingleItem /> should match snap 2`] = `
<img
  alt="dogs are best"
  src="dog.jpg"
/>
`;

exports[`<SingleItem /> should match snap 3`] = `
<p>
  dogs
</p>
`;
